// Jest Snapshot v1, https://goo.gl/fbAQLP

exports[`atoutCookie.vue renders the correct markup 1`] = `
<div id="atout">
  <div id="atout-cursor" class="atout-element">
    <div class="add-element disable">
      <div class="element-image">
        <img src="../../assets/images/cursor.png" alt="">
      </div>
      <div class="element-wrapper">
        <h3 class="element-label">Curseur</h3>
        <div class="element-price">
          <p class="image-center">
            <img src="../../assets/images/perfectCookie.png">
          </p>
          <p class="price-disable">10</p>
        </div>
      </div>
      <div class="element-count">
        <p>0</p>
      </div>
    </div>
  </div>
  <div id="atout-grandma" class="atout-element">
    <div class="add-element disable">
      <div class="element-image">
        <img src="../../assets/images/grandma.png" alt="">
      </div>
      <div class="element-wrapper">
        <h3 class="element-label">Grand-m√®re</h3>
        <div class="element-price">
          <p class="image-center">
            <img src="../../assets/images/perfectCookie.png">
          </p>
          <p class="price-disable">100</p>
        </div>
      </div>
      <div class="element-count">
        <p>0</p>
      </div>
    </div>
  </div>
</div>
`;
