// Jest Snapshot v1, https://goo.gl/fbAQLP

exports[`clickCookie.vue renders the correct markup 1`] = `
<div id="score">
  <h2>NaN</h2>
  <div class="input-block">
    <img src="../assets/images/perfectCookie.png" alt="perfect cookie">
  </div>
  <button>Reset Value</button>
</div>
`;
