// Jest Snapshot v1, https://goo.gl/fbAQLP

exports[`itemCookie.vue renders the correct markup 1`] = `
<div id="item">
  <div class="show-number-atout"></div>
  <div id="item-bluecursor" class="item-element">
    <div class="add-element disable">
      <div class="element-image">
        <img src="../../assets/images/bluecursor_disable.png" alt="blue cursor disable">
      </div>
      <div class="element-wrapper">
        <div class="element-price">
          <p class="image-center">
            <img src="../../assets/images/perfectCookie.png">
          </p>
          <p class="price-disable">1000</p>
        </div>
      </div>
    </div>
  </div>
</div>
`;
